==1041280== Memcheck, a memory error detector
==1041280== Copyright (C) 2002-2017, and GNU GPL'd, by Julian Seward et al.
==1041280== Using Valgrind-3.18.1 and LibVEX; rerun with -h for copyright info
==1041280== Command: ./ircserv 3000 12345
==1041280== Parent PID: 916013
==1041280== 
==1041280== 
==1041280== FILE DESCRIPTORS: 5 open (3 std) at exit.
==1041280== Open file descriptor 103: /usr/share/code/v8_context_snapshot.bin
==1041280==    <inherited from parent>
==1041280== 
==1041280== Open file descriptor 3: /home/vturlas/Desktop/ft_irc/valgrind.log
==1041280==    <inherited from parent>
==1041280== 
==1041280== 
==1041280== HEAP SUMMARY:
==1041280==     in use at exit: 0 bytes in 0 blocks
==1041280==   total heap usage: 361 allocs, 361 frees, 89,464 bytes allocated
==1041280== 
==1041280== All heap blocks were freed -- no leaks are possible
==1041280== 
==1041280== For lists of detected and suppressed errors, rerun with: -s
==1041280== ERROR SUMMARY: 0 errors from 0 contexts (suppressed: 0 from 0)
